2026-08-14 22:40:12,824 - aqt.helper - DEBUG - helper 140245104674688 Attempt to download checksum at https://download.qt.io/online/qtsdkrepository/linux_x64/desktop/qt6_684/qt6_684/Updates.xml.sha256
2026-08-14 22:40:23,195 - aqt.helper - DEBUG - helper 140245104674688 Attempt to download checksum at https://download.qt.io/online/qtsdkrepository/linux_x64/desktop/qt6_684/qt6_684/Updates.xml.sha256
2026-08-14 22:40:23,551 - aqt.helper - DEBUG - helper 140245104674688 Attempt to download checksum at https://download.qt.io/online/qtsdkrepository/linux_x64/desktop/qt6_684/qt6_684/Updates.xml.sha256
2026-08-14 22:40:23,918 - aqt.helper - DEBUG - helper 140245104674688 Attempt to download checksum at https://download.qt.io/online/qtsdkrepository/linux_x64/desktop/qt6_684/qt6_684/Updates.xml.sha256
2026-08-14 22:40:24,278 - aqt.helper - DEBUG - helper 140245104674688 Attempt to download checksum at https://download.qt.io/online/qtsdkrepository/linux_x64/desktop/qt6_684/qt6_684/Updates.xml.sha256
2026-08-14 22:40:24,639 - aqt.main - ERROR - installer 140245104674688 Failed to download checksum for the file 'Updates.xml' from mirrors '['https://download.qt.io']
==============================Suggested follow-up:==============================
* Check your internet connection
* Consider modifying `requests.max_retries_to_retrieve_hash` in settings.ini
* Consider modifying `mirrors.trusted_mirrors` in settings.ini (see https://aqtinstall.readthedocs.io/en/stable/configuration.html#configuration)
* Please use 'aqt list-qt linux desktop' to show versions of Qt available.
2026-08-14 22:40:33,760 - aqt.helper - DEBUG - helper 138725702555520 Attempt to download checksum at https://download.qt.io/online/qtsdkrepository/linux_x64/desktop/qt6_684/qt6_684/Updates.xml.sha256
2026-08-14 22:40:34,104 - aqt.helper - DEBUG - helper 138725702555520 Attempt to download checksum at https://download.qt.io/online/qtsdkrepository/linux_x64/desktop/qt6_684/qt6_684/Updates.xml.sha256
2026-08-14 22:40:34,433 - aqt.helper - DEBUG - helper 138725702555520 Attempt to download checksum at https://download.qt.io/online/qtsdkrepository/linux_x64/desktop/qt6_684/qt6_684/Updates.xml.sha256
2026-08-14 22:40:34,791 - aqt.helper - DEBUG - helper 138725702555520 Attempt to download checksum at https://download.qt.io/online/qtsdkrepository/linux_x64/desktop/qt6_684/qt6_684/Updates.xml.sha256
2026-08-14 22:40:35,172 - aqt.helper - DEBUG - helper 138725702555520 Attempt to download checksum at https://download.qt.io/online/qtsdkrepository/linux_x64/desktop/qt6_684/qt6_684/Updates.xml.sha256
2026-08-14 22:40:35,611 - aqt.main - ERROR - installer 138725702555520 Failed to download checksum for the file 'Updates.xml' from mirrors '['https://download.qt.io']
==============================Suggested follow-up:==============================
* Check your internet connection
* Consider modifying `requests.max_retries_to_retrieve_hash` in settings.ini
* Consider modifying `mirrors.trusted_mirrors` in settings.ini (see https://aqtinstall.readthedocs.io/en/stable/configuration.html#configuration)
* Please use 'aqt list-qt linux desktop' to show versions of Qt available.
2026-08-14 22:40:54,814 - aqt.helper - DEBUG - helper 140141828589440 Attempt to download checksum at https://download.qt.io/online/qtsdkrepository/linux_x64/desktop/qt6_684/qt6_684/Updates.xml.sha256
2026-08-14 22:40:55,169 - aqt.helper - DEBUG - helper 140141828589440 Attempt to download checksum at https://download.qt.io/online/qtsdkrepository/linux_x64/desktop/qt6_684/qt6_684/Updates.xml.sha256
2026-08-14 22:40:55,521 - aqt.helper - DEBUG - helper 140141828589440 Attempt to download checksum at https://download.qt.io/online/qtsdkrepository/linux_x64/desktop/qt6_684/qt6_684/Updates.xml.sha256
2026-08-14 22:40:55,859 - aqt.helper - DEBUG - helper 140141828589440 Attempt to download checksum at https://download.qt.io/online/qtsdkrepository/linux_x64/desktop/qt6_684/qt6_684/Updates.xml.sha256
2026-08-14 22:40:56,196 - aqt.helper - DEBUG - helper 140141828589440 Attempt to download checksum at https://download.qt.io/online/qtsdkrepository/linux_x64/desktop/qt6_684/qt6_684/Updates.xml.sha256
2026-08-14 22:40:56,556 - aqt.main - ERROR - installer 140141828589440 Failed to download checksum for the file 'Updates.xml' from mirrors '['https://download.qt.io']
==============================Suggested follow-up:==============================
* Check your internet connection
* Consider modifying `requests.max_retries_to_retrieve_hash` in settings.ini
* Consider modifying `mirrors.trusted_mirrors` in settings.ini (see https://aqtinstall.readthedocs.io/en/stable/configuration.html#configuration)
* Please use 'aqt list-qt linux desktop' to show versions of Qt available.
2026-08-14 22:56:41,560 - aqt.main - INFO - installer 132559248889728 aqtinstall(aqt) v3.3.0 on Python 3.13.14 [CPython Clang 22.1.3 ]
2026-08-14 22:56:41,953 - aqt.helper - DEBUG - helper 126209179449216 Attempt to download checksum at https://download.qt.io/online/qtsdkrepository/linux_x64/desktop/qt6_683/qt6_683/Updates.xml.sha256
2026-08-14 22:56:53,614 - aqt.main - INFO - installer 137025477814144 aqtinstall(aqt) v3.3.0 on Python 3.13.14 [CPython Clang 22.1.3 ]
2026-08-14 22:56:54,103 - aqt.main - INFO - installer 130367868802944 aqtinstall(aqt) v3.3.0 on Python 3.13.14 [CPython Clang 22.1.3 ]
2026-08-14 22:56:54,606 - aqt.main - INFO - installer 132435349002112 aqtinstall(aqt) v3.3.0 on Python 3.13.14 [CPython Clang 22.1.3 ]
2026-08-14 22:58:56,644 - aqt.main - INFO - installer 136152610617216 aqtinstall(aqt) v3.3.0 on Python 3.13.14 [CPython Clang 22.1.3 ]
2026-08-14 23:01:06,608 - aqt.main - INFO - installer 139920163407744 aqtinstall(aqt) v3.3.0 on Python 3.13.14 [CPython Clang 22.1.3 ]
